The following packages should be updated for best compatibility with the installed expo version:
  @react-native-community/datetimepicker@9.1.0 - expected version: 8.4.4
  expo@54.0.34 - expected version: ~54.0.35
  expo-font@14.0.11 - expected version: ~14.0.12
  expo-router@6.0.23 - expected version: ~6.0.24
Your project may not work correctly until you install the expected versions of the packages.
"shadow*" style props are deprecated. Use "boxShadow".
"textShadow*" style props are deprecated. Use "textShadow".
"shadow*" style props are deprecated. Use "boxShadow".
"textShadow*" style props are deprecated. Use "textShadow".
"shadow*" style props are deprecated. Use "boxShadow".
"textShadow*" style props are deprecated. Use "textShadow".
Error: Premature close
    at onclose (node:internal/streams/end-of-stream:158:30)
    at processTicksAndRejections (node:internal/process/task_queues:85:11)
Error: Premature close
    at onclose (node:internal/streams/end-of-stream:158:30)
    at processTicksAndRejections (node:internal/process/task_queues:85:11)
"shadow*" style props are deprecated. Use "boxShadow".
"textShadow*" style props are deprecated. Use "textShadow".
"shadow*" style props are deprecated. Use "boxShadow".
"textShadow*" style props are deprecated. Use "textShadow".
