◇ injected env (7) from .env // tip: ⌘ enable debugging { debug: true }
MongoDB Connected: 127.0.0.1
✅ Admin account seeded successfully (Double Hash Bypass)!
🚀 Server running on port 3001
🔌 New Socket Connected: aggjEDewXD6EQfQUAAAB
🔌 Socket connected: aggjEDewXD6EQfQUAAAB
🔌 New Socket Connected: ICAa14cGc7KywRJFAAAD
🔌 Socket connected: ICAa14cGc7KywRJFAAAD
🔌 Socket Disconnected: ICAa14cGc7KywRJFAAAD
🔌 New Socket Connected: -hVJBeEr2A2F1d-3AAAF
🔌 Socket connected: -hVJBeEr2A2F1d-3AAAF
👤 User Online: 6a0d99c924c497afa483bd6b
🔌 Socket Disconnected: -hVJBeEr2A2F1d-3AAAF
🔌 New Socket Connected: 5k6kt8eSvcpctxTGAAAH
🔌 Socket connected: 5k6kt8eSvcpctxTGAAAH
👤 User Online: 6a0d99c924c497afa483bd6b
🔌 Socket Disconnected: 5k6kt8eSvcpctxTGAAAH
🔌 New Socket Connected: Z5eru-ov4f0ka3INAAAJ
🔌 Socket connected: Z5eru-ov4f0ka3INAAAJ
👤 User Online: 6a0d99c924c497afa483bd6b
🔌 Socket Disconnected: aggjEDewXD6EQfQUAAAB
🔌 New Socket Connected: TPV-vtIyUC6eus0TAAAL
🔌 Socket connected: TPV-vtIyUC6eus0TAAAL
👤 User Online: 6a0d6687f51ebae717dbb924
